  D1 O         correct           23.51s void=None 'ANSWER: 42000\nCITATION: MSA-2024 clause '  elapsed 24s
  D1 L         correct           52.51s void=None 'ANSWER: EUR 42,000\nCITATION: MSA-2024, c'  elapsed 76s
  D1 W         correct           6.18s void=None 'ANSWER: 42,000\nCITATION: MSA-2024, Claus'  elapsed 82s
  D1 G-self.check format_error      4.33s void=None 'CONFIDENT'  elapsed 87s
  D1 R.route   truncated         4.53s void=None 'ANSWER: 42,000\nCITATION: M'  elapsed 91s
  D1 R.exec    correct           45.92s void=None 'ANSWER: EUR 42,000\nCITATION: MSA-2024, C'  elapsed 137s
  D2 O         correct           23.73s void=None 'ANSWER: EUR 500,000\nCITATION: MSA-2024 c'  elapsed 161s
  D2 L         correct           60.96s void=None 'ANSWER: EUR 500,000\nCITATION: MSA-2024, '  elapsed 222s
  D2 W         premature         4.71s void=None 'ANSWER: 1,250,000\nCITATION: AMD-2, claus'  elapsed 226s
  D2 G-self.check format_error      5.13s void=None 'CONFIDENT'  elapsed 232s
  D2 R.route   truncated         5.53s void=None 'medium\n\nANSWER: 1,250,000\n'  elapsed 237s
  D2 R.exec    correct           79.1s void=None 'ANSWER: EUR 500,000\nCITATION: MSA-2024, '  elapsed 316s
  D3 O         correct           23.5s void=None 'ANSWER: EUR 51,000\nCITATION: AMD-3 claus'  elapsed 340s
  D3 L         correct           46.48s void=None 'ANSWER: EUR 51,000\nCITATION: AMD-3, para'  elapsed 386s
  D3 W         correct           5.43s void=None 'ANSWER: 51,000\nCITATION: AMD-3, clause 2'  elapsed 392s
  D3 G-self.check format_error      4.57s void=None 'CONFIDENT'  elapsed 396s
  D3 R.route   truncated         5.01s void=None 'ANSWER: 51,000\nCITATION: AMD'  elapsed 401s
  D3 R.exec    correct           45.11s void=None 'ANSWER: EUR 51,000\nCITATION: AMD-3, para'  elapsed 446s
  V1 O         correct           26.18s void=None 'ANSWER: 24\nCITATION: MSA-2024 clause 5.2'  elapsed 473s
  V1 L         correct           65.81s void=None 'ANSWER: 24 months\nCITATION: MSA-2024, cl'  elapsed 538s
  V1 W         correct           9.13s void=None 'ANSWER: 24\nCITATION: MSA-2, clause 5.2'  elapsed 548s
  V1 G-self.check format_error      4.91s void=None 'CONFIDENT'  elapsed 553s
  V1 R.route   format_error      4.3s void=None 'medium'  elapsed 557s
  V1 R.exec    correct           71.04s void=None 'ANSWER: 24 months\nCITATION: AMD-3, parag'  elapsed 628s
  V2 O         correct           25.38s void=None 'ANSWER: YES\nCITATION: MSA-2024 clause 4.'  elapsed 653s
  V2 L         correct           50.3s void=None 'ANSWER: YES\nCITATION: MSA-2024 clause 4.'  elapsed 704s
  V2 W         correct           5.61s void=None 'ANSWER: YES\nCITATION: MSA-2024, clause 4'  elapsed 709s
  V2 G-self.check format_error      4.31s void=None 'CONFIDENT'  elapsed 714s
  V2 R.route   truncated         4.68s void=None 'ANSWER: YES\nCITATION: MSA-2024'  elapsed 718s
  V2 R.exec    correct           50.83s void=None 'ANSWER: YES\nCITATION: MSA-2024 clause 4.'  elapsed 769s
  P1 O         precedence_missed 23.92s void=None 'ANSWER: 24 months\nCITATION: MSA-2024 Cla'  elapsed 793s
  P1 L         correct           104.59s void=None 'ANSWER: 6 months from termination (i.e.,'  elapsed 898s
  P1 W         precedence_missed 4.59s void=None 'ANSWER: 24 months\nCITATION: AMD-3, claus'  elapsed 902s
  P1 G-self.check format_error      4.33s void=None 'CONFIDENT'  elapsed 907s
  P1 R.route   format_error      5.87s void=None 'medium'  elapsed 912s
  P1 R.exec    correct           114.3s void=None 'ANSWER: 6 months following termination. '  elapsed 1027s
  P2 O         correct           23.17s void=None 'ANSWER: 2 Business Days\nCITATION: MSA-20'  elapsed 1050s
  P2 L         correct           65.36s void=None 'ANSWER: 2 Business Days. The Side Letter'  elapsed 1115s
  P2 W         over_applied      4.56s void=None 'ANSWER: 1\nCITATION: POL-3.1 P-2.3'  elapsed 1120s
  P2 G-self.check format_error      5.83s void=None 'ESCALATE'  elapsed 1126s
  P2 G-self.esc correct           64.3s void=None 'ANSWER: 2 Business Days. The Side Letter'  elapsed 1190s
  P2 R.route   format_error      5.57s void=None 'medium'  elapsed 1196s
  P2 R.exec    correct           81.27s void=None 'ANSWER: 2 Business Days. The MSA (Clause'  elapsed 1277s
  M1 O         wrong             23.69s void=None 'ANSWER: 252000\nCITATION: MSA-2024 Clause'  elapsed 1301s
  M1 L         correct           64.51s void=None 'ANSWER: EUR 378,000\nCITATION: MSA-2024, '  elapsed 1365s
  M1 W         wrong             4.65s void=None 'ANSWER: 504000\nCITATION: MSA-2, AMD-1'  elapsed 1370s
  M1 G-self.check format_error      6.07s void=None 'CONFIDENT'  elapsed 1376s
  M1 R.route   truncated         4.63s void=None 'ANSWER: 504000\nCITATION: M'  elapsed 1381s
  M1 R.exec    correct           65.19s void=None 'ANSWER: EUR 378,000\nCITATION: MSA-2024, '  elapsed 1446s
  M2 O         wrong             27.89s void=None 'ANSWER: 306000\nCITATION: AMD-3 clause 2;'  elapsed 1474s
  M2 L         correct           87.46s void=None 'ANSWER: EUR 445,500\nCITATION: MSA-2024 c'  elapsed 1561s
  M2 W         wrong             7.09s void=None 'ANSWER: 1,530,000\nCITATION: AMD-3, claus'  elapsed 1568s
  M2 G-self.check format_error      4.36s void=None 'CONFIDENT'  elapsed 1573s
  M2 G-lp.esc  correct           87.89s void=None 'ANSWER: EUR 445,500\nCITATION: MSA-2024 c'  elapsed 1660s
  M2 R.route   format_error      4.32s void=None 'medium'  elapsed 1665s
  M2 R.exec    correct           113.52s void=None 'ANSWER: EUR 445,500 (3 months at EUR 46,'  elapsed 1778s
  M3 O         correct           24.39s void=None 'ANSWER: 24.5\nCITATION: AMD-3 clause 2; A'  elapsed 1803s
  M3 L         correct           59.4s void=None 'ANSWER: 24.5\nCITATION: AMD-3 clause 2 (r'  elapsed 1862s
  M3 W         wrong             4.92s void=None 'ANSWER: 24.6\nCITATION: AMD-3, clause 4.1'  elapsed 1867s
  M3 G-self.check format_error      5.75s void=None 'CONFIDENT'  elapsed 1873s
  M3 G-lp.esc  correct           59.63s void=None 'ANSWER: 24.5\nCITATION: AMD-3 clause 2 (r'  elapsed 1932s
  M3 R.route   format_error      4.26s void=None 'medium'  elapsed 1937s
  M3 R.exec    correct           72.46s void=None 'ANSWER: 24.5\nCITATION: AMD-3, clause 2 ('  elapsed 2009s
  N1 O         correct           28.55s void=None 'ANSWER: (d)\nCITATION: MSA-2024 clause 5.'  elapsed 2038s
  N1 L         correct           55.92s void=None 'ANSWER: (d)\nCITATION: NONE'  elapsed 2094s
  N1 W         correct           4.45s void=None 'ANSWER: d\nCITATION: NONE'  elapsed 2098s
  N1 G-self.check format_error      4.37s void=None 'CONFIDENT'  elapsed 2103s
  N1 R.route   correct           4.53s void=None 'ANSWER: d\nCITATION: NONE'  elapsed 2107s
  N1 R.exec    correct           55.23s void=None 'ANSWER: (d)\nCITATION: NONE'  elapsed 2162s
  Z1 O         correct           22.74s void=None 'ANSWER: NOT_IN_PACK\nCITATION: NONE'  elapsed 2185s
  Z1 L         correct           43.07s void=None 'ANSWER: NOT_IN_PACK\nCITATION: NONE'  elapsed 2228s
  Z1 W         over_claim        6.55s void=None 'ANSWER: No\nCITATION: MSA-2, Clause 2.1'  elapsed 2235s
  Z1 G-self.check format_error      7.0s void=None 'ESCALATE'  elapsed 2242s
  Z1 G-self.esc correct           42.02s void=None 'ANSWER: NOT_IN_PACK\nCITATION: NONE'  elapsed 2284s
  Z1 R.route   format_error      4.28s void=None 'medium'  elapsed 2288s
  Z1 R.exec    correct           55.08s void=None 'ANSWER: NOT_IN_PACK\nCITATION: NONE'  elapsed 2343s
run complete in 2343s
exit=0
