--- size=1024 rep=0 actual_tokens=1024
    ttft=0.924s total=2.492s prefill=1110.6531595045446 tok/s decode=85.56349914603618 tok/s
--- size=1024 rep=1 actual_tokens=1024
    ttft=0.942s total=2.437s prefill=1115.5765646124735 tok/s decode=85.63952317519238 tok/s
--- size=4096 rep=0 actual_tokens=4096
    ttft=4.254s total=5.96s prefill=968.3776010667284 tok/s decode=75.05847817762707 tok/s
--- size=4096 rep=1 actual_tokens=4096
    ttft=4.488s total=6.193s prefill=927.4757443355145 tok/s decode=75.10185689341168 tok/s
--- size=8192 rep=0 actual_tokens=8192
    ttft=10.991s total=12.885s prefill=750.5535469839465 tok/s decode=67.56385840304375 tok/s
--- size=8192 rep=1 actual_tokens=8192
    ttft=11.055s total=12.953s prefill=749.852514665008 tok/s decode=67.47915790228384 tok/s
--- size=16384 rep=0 actual_tokens=16384
    ttft=30.973s total=33.166s prefill=531.3327065700211 tok/s decode=58.39165656217297 tok/s
--- size=16384 rep=1 actual_tokens=16384
    ttft=31.08s total=33.28s prefill=531.3099280241082 tok/s decode=58.231076378700344 tok/s
--- size=32768 rep=0 actual_tokens=32768
    ttft=97.332s total=100.227s prefill=337.58704549273904 tok/s decode=44.24890423465471 tok/s
--- size=32768 rep=1 actual_tokens=32768
    ttft=97.605s total=100.504s prefill=337.39572836909116 tok/s decode=44.17932248938057 tok/s
--- size=46000 rep=0 actual_tokens=46000
    ttft=177.31s total=180.777s prefill=260.1315896004118 tok/s decode=36.95298396789017 tok/s
--- size=46000 rep=1 actual_tokens=46000
    ttft=177.465s total=180.924s prefill=260.1622028761712 tok/s decode=37.027812226178604 tok/s

wrote results/raw/e88/ctx-tax.json

| prompt tokens | TTFT s (median) | prefill tok/s | decode tok/s |
|---:|---:|---:|---:|
| 1,024 | 0.93 | 1113.1 | 85.6 |
| 4,096 | 4.37 | 947.9 | 75.1 |
| 8,192 | 11.02 | 750.2 | 67.5 |
| 16,384 | 31.03 | 531.3 | 58.3 |
| 32,768 | 97.47 | 337.5 | 44.2 |
| 46,000 | 177.39 | 260.1 | 37.0 |
