[X1] plan: [('CODE', 3, 384), ('CHAT', 3, 384), ('D1500', 1, 384), ('P8K', 3, 128), ('P32K', 3, 128)] + determinism x10
[X1] waiting for http://127.0.0.1:8081 ...
[X1] ready after 1s
[X1] CODE rep0: ttft 4.8351s, decode 25.001 tok/s (384 out), prefill 158.01 tok/s (764 in) elapsed 21s
[X1] CODE rep1: ttft 4.7001s, decode 27.193 tok/s (384 out), prefill 162.55 tok/s (764 in) elapsed 40s
[X1] CODE rep2: ttft 4.9149s, decode 27.183 tok/s (384 out), prefill 155.44 tok/s (764 in) elapsed 59s
[X1] CHAT rep0: ttft 1.1274s, decode 14.899 tok/s (384 out), prefill 50.56 tok/s (57 in) elapsed 86s
[X1] CHAT rep1: ttft 1.1268s, decode 15.271 tok/s (384 out), prefill 50.58 tok/s (57 in) elapsed 112s
[X1] CHAT rep2: ttft 1.1107s, decode 15.618 tok/s (384 out), prefill 51.32 tok/s (57 in) elapsed 137s
[X1] D1500 rep0: ttft 8.7167s, decode 15.966 tok/s (129 out), prefill 173.46 tok/s (1512 in) elapsed 154s
[X1] P8K rep0: ttft 48.4383s, decode 15.106 tok/s (128 out), prefill 169.37 tok/s (8204 in) elapsed 211s
[X1] P8K rep1: ttft 46.9428s, decode 21.798 tok/s (128 out), prefill 174.77 tok/s (8204 in) elapsed 264s
[X1] P8K rep2: ttft 44.5908s, decode 20.903 tok/s (128 out), prefill 183.98 tok/s (8204 in) elapsed 314s
[X1] P32K rep0: ttft 234.898s, decode 11.642 tok/s (128 out), prefill 139.55 tok/s (32780 in) elapsed 560s
[X1] P32K rep1: ttft 229.6856s, decode 13.701 tok/s (128 out), prefill 142.71 tok/s (32779 in) elapsed 799s
[X1] P32K rep2: ttft 235.3721s, decode 13.255 tok/s (128 out), prefill 139.27 tok/s (32780 in) elapsed 1044s
[X1] determinism 1/10: 89f4d17844303dc8
[X1] determinism 2/10: 89f4d17844303dc8
[X1] determinism 3/10: 89f4d17844303dc8
[X1] determinism 4/10: 89f4d17844303dc8
[X1] determinism 5/10: 89f4d17844303dc8
[X1] determinism 6/10: 89f4d17844303dc8
[X1] determinism 7/10: fe80bdbfc9511ba2
[X1] determinism 8/10: 89f4d17844303dc8
[X1] determinism 9/10: 89f4d17844303dc8
[X1] determinism 10/10: 581a2dfefebecbe4
[X1] DONE CODE 27.183 CHAT 15.271 tok/s | P32K prefill 139.55 decode@32K 13.255 | determinism 3 distinct of 10 | peak GPU 74.37 GiB
