[Q1] plan: [('CODE', 3, 384), ('CHAT', 3, 384), ('D1500', 1, 384), ('P8K', 3, 128), ('P32K', 3, 128)] + determinism x10
[Q1] waiting for http://127.0.0.1:8130 ...
[Q1] ready after 1s
[Q1] CODE rep0: ttft 3.5597s, decode 30.853 tok/s (384 out), prefill 214.63 tok/s (764 in) elapsed 17s
[Q1] CODE rep1: ttft 4.7245s, decode 23.556 tok/s (384 out), prefill 161.71 tok/s (764 in) elapsed 38s
[Q1] CODE rep2: ttft 4.7828s, decode 23.449 tok/s (384 out), prefill 159.74 tok/s (764 in) elapsed 59s
[Q1] CHAT rep0: ttft 1.1929s, decode 10.929 tok/s (384 out), prefill 47.78 tok/s (57 in) elapsed 95s
[Q1] CHAT rep1: ttft 1.1323s, decode 10.956 tok/s (384 out), prefill 50.34 tok/s (57 in) elapsed 131s
[Q1] CHAT rep2: ttft 0.9087s, decode 10.995 tok/s (384 out), prefill 62.73 tok/s (57 in) elapsed 167s
[Q1] D1500 rep0: ttft 9.2067s, decode 14.136 tok/s (160 out), prefill 164.23 tok/s (1512 in) elapsed 187s
[Q1] P8K rep0: ttft 42.968s, decode 17.545 tok/s (128 out), prefill 190.93 tok/s (8204 in) elapsed 238s
[Q1] P8K rep1: ttft 39.2543s, decode 20.228 tok/s (128 out), prefill 209.0 tok/s (8204 in) elapsed 283s
[Q1] P8K rep2: ttft 47.5323s, decode 11.48 tok/s (128 out), prefill 172.6 tok/s (8204 in) elapsed 342s
[Q1] P32K rep0: ttft 235.8529s, decode 14.832 tok/s (128 out), prefill 138.98 tok/s (32780 in) elapsed 586s
[Q1] P32K rep1: ttft 255.6298s, decode 11.658 tok/s (128 out), prefill 128.23 tok/s (32779 in) elapsed 853s
[Q1] P32K rep2: ttft 229.5702s, decode 9.709 tok/s (118 out), prefill 142.79 tok/s (32780 in) elapsed 1095s
[Q1] determinism 1/10: abc3243128d3970d
[Q1] determinism 2/10: abc3243128d3970d
[Q1] determinism 3/10: abc3243128d3970d
[Q1] determinism 4/10: abc3243128d3970d
[Q1] determinism 5/10: abc3243128d3970d
[Q1] determinism 6/10: abc3243128d3970d
[Q1] determinism 7/10: abc3243128d3970d
[Q1] determinism 8/10: abc3243128d3970d
[Q1] determinism 9/10: abc3243128d3970d
[Q1] determinism 10/10: abc3243128d3970d
[Q1] DONE CODE 23.556 CHAT 10.956 tok/s | P32K prefill 138.98 decode@32K 11.658 | determinism 1 distinct of 10 | peak GPU 32.4 GiB
