=== local_fast  (banked control: e33-workhorse 12/15)
  [ 1/15] rle_encode             pass         119 tok 
  [ 2/15] is_balanced            pass         88 tok 
  [ 3/15] merge_intervals        pass         158 tok 
  [ 4/15] parse_semver           error        339 tok ValueError: Prerelease identifier can only contain
  [ 5/15] top_k_frequent         pass         108 tok 
  [ 6/15] spiral_order           pass         265 tok 
  [ 7/15] group_anagrams         pass         205 tok 
  [ 8/15] normalize_path         wrong_answer 110 tok AssertionError
  [ 9/15] roman_roundtrip        pass         626 tok 
  [10/15] longest_valid_parens   pass         139 tok 
  [11/15] lru_cache              pass         222 tok 
  [12/15] word_break             pass         236 tok 
  [13/15] topo_schedule          pass         300 tok 
  [14/15] min_window             pass         328 tok 
  [15/15] eval_expr              wrong_answer 586 tok AssertionError: expected ValueError for '1 2'
  --> local_fast: 12/15 passed, 0 truncated, 0 no_code, 49s wall  (control 12/15)
=== local_code  (banked control: e33-coder30b 14/15)
  [ 1/15] rle_encode             pass         109 tok 
  [ 2/15] is_balanced            pass         94 tok 
  [ 3/15] merge_intervals        pass         172 tok 
  [ 4/15] parse_semver           pass         281 tok 
  [ 5/15] top_k_frequent         pass         145 tok 
  [ 6/15] spiral_order           pass         255 tok 
  [ 7/15] group_anagrams         pass         246 tok 
  [ 8/15] normalize_path         wrong_answer 243 tok AssertionError
  [ 9/15] roman_roundtrip        pass         560 tok 
  [10/15] longest_valid_parens   pass         246 tok 
  [11/15] lru_cache              pass         210 tok 
  [12/15] word_break             pass         209 tok 
  [13/15] topo_schedule          pass         335 tok 
  [14/15] min_window             pass         312 tok 
  [15/15] eval_expr              pass         618 tok 
  --> local_code: 14/15 passed, 0 truncated, 0 no_code, 53s wall  (control 14/15)
=== RESIDENT CHECK COMPLETE
