[Q0] plan: [('CODE', 3, 384), ('CHAT', 3, 384), ('D1500', 1, 384), ('P8K', 3, 128), ('P32K', 3, 128)] + determinism x10
[Q0] waiting for http://127.0.0.1:8130 ...
[Q0] ready after 1s
[Q0] CODE rep0: ttft 5.609s, decode 12.278 tok/s (384 out), prefill 136.21 tok/s (764 in) elapsed 38s
[Q0] CODE rep1: ttft 4.8406s, decode 10.347 tok/s (384 out), prefill 157.83 tok/s (764 in) elapsed 80s
[Q0] CODE rep2: ttft 6.82s, decode 9.604 tok/s (384 out), prefill 112.02 tok/s (764 in) elapsed 127s
[Q0] CHAT rep0: ttft 3.1503s, decode 9.639 tok/s (384 out), prefill 18.09 tok/s (57 in) elapsed 170s
[Q0] CHAT rep1: ttft 2.8945s, decode 11.889 tok/s (384 out), prefill 19.69 tok/s (57 in) elapsed 205s
[Q0] CHAT rep2: ttft 1.3217s, decode 12.415 tok/s (384 out), prefill 43.13 tok/s (57 in) elapsed 237s
[Q0] D1500 rep0: ttft 8.1413s, decode 10.956 tok/s (160 out), prefill 185.72 tok/s (1512 in) elapsed 260s
[Q0] P8K rep0: ttft 53.5967s, decode 9.422 tok/s (128 out), prefill 153.07 tok/s (8204 in) elapsed 327s
[Q0] P8K rep1: ttft 54.1783s, decode 9.442 tok/s (128 out), prefill 151.43 tok/s (8204 in) elapsed 394s
[Q0] P8K rep2: ttft 54.3318s, decode 9.328 tok/s (128 out), prefill 151.0 tok/s (8204 in) elapsed 462s
[Q0] P32K rep0: ttft 228.554s, decode 9.944 tok/s (128 out), prefill 143.42 tok/s (32780 in) elapsed 704s
[Q0] P32K rep1: ttft 247.2105s, decode 8.437 tok/s (128 out), prefill 132.6 tok/s (32779 in) elapsed 966s
[Q0] P32K rep2: ttft 231.178s, decode 8.75 tok/s (118 out), prefill 141.8 tok/s (32780 in) elapsed 1211s
[Q0] determinism 1/10: abc3243128d3970d
[Q0] determinism 2/10: abc3243128d3970d
[Q0] determinism 3/10: abc3243128d3970d
[Q0] determinism 4/10: abc3243128d3970d
[Q0] determinism 5/10: abc3243128d3970d
[Q0] determinism 6/10: abc3243128d3970d
[Q0] determinism 7/10: abc3243128d3970d
[Q0] determinism 8/10: abc3243128d3970d
[Q0] determinism 9/10: abc3243128d3970d
[Q0] determinism 10/10: abc3243128d3970d
[Q0] DONE CODE 10.347 CHAT 11.889 tok/s | P32K prefill 141.8 decode@32K 8.75 | determinism 1 distinct of 10 | peak GPU 28.51 GiB
