2026-09-24T21:02:05+01:00 avail=111059MiB swapfree=6150MiB
2026-09-24T21:02:20+01:00 avail=110459MiB swapfree=6150MiB
2026-09-24T21:02:35+01:00 avail=110626MiB swapfree=6150MiB
2026-09-24T21:02:50+01:00 avail=85225MiB swapfree=5674MiB
2026-09-24T21:03:05+01:00 avail=83777MiB swapfree=5609MiB
2026-09-24T21:03:21+01:00 avail=75164MiB swapfree=5488MiB
2026-09-24T21:03:37+01:00 avail=74467MiB swapfree=5480MiB
2026-09-24T21:03:53+01:00 avail=74203MiB swapfree=5480MiB
2026-09-24T21:04:09+01:00 avail=74095MiB swapfree=5364MiB
2026-09-24T21:04:24+01:00 avail=74029MiB swapfree=5339MiB
2026-09-24T21:04:40+01:00 avail=73943MiB swapfree=5314MiB
2026-09-24T21:04:56+01:00 avail=73918MiB swapfree=5314MiB
2026-09-24T21:05:12+01:00 avail=73793MiB swapfree=5297MiB
2026-09-24T21:05:28+01:00 avail=73763MiB swapfree=5297MiB
2026-09-24T21:05:44+01:00 avail=73266MiB swapfree=5288MiB
2026-09-24T21:05:57+01:00 avail=111812MiB swapfree=5354MiB
2026-09-24T21:06:12+01:00 avail=76236MiB swapfree=4999MiB
2026-09-24T21:06:27+01:00 avail=75276MiB swapfree=5002MiB
2026-09-24T21:06:43+01:00 avail=75280MiB swapfree=5002MiB
2026-09-24T21:06:58+01:00 avail=75262MiB swapfree=5030MiB
2026-09-24T21:07:14+01:00 avail=75270MiB swapfree=5046MiB
2026-09-24T21:07:29+01:00 avail=75234MiB swapfree=5078MiB
2026-09-24T21:07:44+01:00 avail=112164MiB swapfree=5080MiB
2026-09-24T21:07:59+01:00 avail=76519MiB swapfree=4928MiB
2026-09-24T21:08:14+01:00 avail=74923MiB swapfree=4928MiB
2026-09-24T21:08:29+01:00 avail=74724MiB swapfree=4958MiB
2026-09-24T21:08:44+01:00 avail=74518MiB swapfree=4960MiB
2026-09-24T21:09:00+01:00 avail=74378MiB swapfree=4980MiB
2026-09-24T21:09:16+01:00 avail=74298MiB swapfree=4974MiB
2026-09-24T21:09:32+01:00 avail=74232MiB swapfree=4974MiB
2026-09-24T21:09:48+01:00 avail=74268MiB swapfree=4888MiB
2026-09-24T21:10:04+01:00 avail=74215MiB swapfree=4897MiB
2026-09-24T21:10:20+01:00 avail=73856MiB swapfree=4896MiB
2026-09-24T21:10:32+01:00 avail=112330MiB swapfree=4974MiB
2026-09-24T21:10:47+01:00 avail=80523MiB swapfree=4969MiB
2026-09-24T21:11:02+01:00 avail=58246MiB swapfree=0MiB
2026-09-24T21:11:17+01:00 avail=41355MiB swapfree=3727MiB
2026-09-24T21:11:27+01:00 GUARD FIRED: MemAvailable 11356 MiB < 12 GiB floor, SwapFree 4096 MiB - killing e139-G0
e139-G0
2026-09-24T21:11:30+01:00 avail=112558MiB swapfree=5693MiB
2026-09-24T21:11:45+01:00 avail=51867MiB swapfree=5691MiB
2026-09-24T21:12:00+01:00 avail=50546MiB swapfree=5693MiB
2026-09-24T21:12:15+01:00 avail=50508MiB swapfree=5693MiB
2026-09-24T21:12:30+01:00 avail=50388MiB swapfree=5693MiB
2026-09-24T21:12:45+01:00 avail=49738MiB swapfree=5693MiB
2026-09-24T21:13:00+01:00 avail=49826MiB swapfree=5693MiB
2026-09-24T21:13:15+01:00 avail=49677MiB swapfree=5693MiB
2026-09-24T21:13:31+01:00 avail=49237MiB swapfree=5693MiB
2026-09-24T21:13:46+01:00 avail=49368MiB swapfree=5693MiB
2026-09-24T21:14:01+01:00 avail=49194MiB swapfree=5693MiB
2026-09-24T21:14:16+01:00 avail=48803MiB swapfree=5693MiB
2026-09-24T21:14:31+01:00 avail=48895MiB swapfree=5693MiB
2026-09-24T21:14:46+01:00 avail=48982MiB swapfree=5707MiB
2026-09-24T21:15:01+01:00 avail=48977MiB swapfree=5707MiB
2026-09-24T21:15:16+01:00 avail=48984MiB swapfree=5707MiB
2026-09-24T21:15:32+01:00 avail=48984MiB swapfree=5707MiB
2026-09-24T21:15:47+01:00 avail=48982MiB swapfree=5707MiB
2026-09-24T21:16:02+01:00 avail=48992MiB swapfree=5707MiB
2026-09-24T21:16:17+01:00 avail=48986MiB swapfree=5707MiB
2026-09-24T21:16:32+01:00 avail=48799MiB swapfree=5707MiB
2026-09-24T21:16:47+01:00 avail=47775MiB swapfree=5707MiB
2026-09-24T21:17:02+01:00 avail=47840MiB swapfree=5707MiB
2026-09-24T21:17:17+01:00 avail=47963MiB swapfree=5707MiB
2026-09-24T21:17:33+01:00 avail=47990MiB swapfree=5707MiB
2026-09-24T21:17:48+01:00 avail=47989MiB swapfree=5707MiB
2026-09-24T21:18:03+01:00 avail=47999MiB swapfree=5707MiB
2026-09-24T21:18:18+01:00 avail=47985MiB swapfree=5707MiB
2026-09-24T21:18:33+01:00 avail=47987MiB swapfree=5707MiB
2026-09-24T21:18:48+01:00 avail=47985MiB swapfree=5707MiB
2026-09-24T21:19:03+01:00 avail=47993MiB swapfree=5707MiB
2026-09-24T21:19:18+01:00 avail=47762MiB swapfree=5707MiB
2026-09-24T21:19:34+01:00 avail=46908MiB swapfree=5707MiB
2026-09-24T21:19:49+01:00 avail=47022MiB swapfree=5707MiB
2026-09-24T21:20:04+01:00 avail=47083MiB swapfree=5707MiB
2026-09-24T21:20:19+01:00 avail=47089MiB swapfree=5707MiB
2026-09-24T21:20:34+01:00 avail=47083MiB swapfree=5707MiB
2026-09-24T21:20:49+01:00 avail=47083MiB swapfree=5707MiB
2026-09-24T21:21:04+01:00 avail=47083MiB swapfree=5707MiB
2026-09-24T21:21:19+01:00 avail=47084MiB swapfree=5707MiB
2026-09-24T21:21:35+01:00 avail=47081MiB swapfree=5707MiB
2026-09-24T21:21:50+01:00 avail=47076MiB swapfree=5707MiB
2026-09-24T21:22:05+01:00 avail=46855MiB swapfree=5707MiB
2026-09-24T21:22:20+01:00 avail=45793MiB swapfree=5707MiB
2026-09-24T21:22:22+01:00 avail=112199MiB swapfree=5707MiB
2026-09-24T21:22:37+01:00 avail=111711MiB swapfree=5707MiB
2026-09-24T21:22:52+01:00 avail=111641MiB swapfree=5707MiB
2026-09-24T21:23:07+01:00 avail=76160MiB swapfree=5563MiB
2026-09-24T21:23:22+01:00 avail=75185MiB swapfree=5563MiB
2026-09-24T21:23:38+01:00 avail=74959MiB swapfree=5568MiB
2026-09-24T21:23:54+01:00 avail=74843MiB swapfree=5590MiB
2026-09-24T21:24:10+01:00 avail=74559MiB swapfree=5594MiB
2026-09-24T21:24:26+01:00 avail=74488MiB swapfree=5614MiB
2026-09-24T21:24:42+01:00 avail=74375MiB swapfree=5617MiB
2026-09-24T21:24:58+01:00 avail=74251MiB swapfree=5617MiB
2026-09-24T21:25:14+01:00 avail=74141MiB swapfree=5617MiB
2026-09-24T21:25:30+01:00 avail=74019MiB swapfree=5617MiB
2026-09-24T21:25:46+01:00 avail=74023MiB swapfree=5617MiB
2026-09-24T21:26:02+01:00 avail=74012MiB swapfree=5617MiB
2026-09-24T21:26:18+01:00 avail=74031MiB swapfree=5617MiB
2026-09-24T21:26:34+01:00 avail=74043MiB swapfree=5618MiB
2026-09-24T21:26:50+01:00 avail=74042MiB swapfree=5618MiB
2026-09-24T21:27:06+01:00 avail=74057MiB swapfree=5618MiB
2026-09-24T21:27:21+01:00 avail=74055MiB swapfree=5618MiB
2026-09-24T21:27:37+01:00 avail=74030MiB swapfree=5618MiB
2026-09-24T21:27:53+01:00 avail=74036MiB swapfree=5618MiB
2026-09-24T21:28:09+01:00 avail=74017MiB swapfree=5620MiB
2026-09-24T21:28:25+01:00 avail=74052MiB swapfree=5621MiB
2026-09-24T21:28:41+01:00 avail=74054MiB swapfree=5621MiB
2026-09-24T21:28:57+01:00 avail=74036MiB swapfree=5621MiB
2026-09-24T21:29:13+01:00 avail=74048MiB swapfree=5621MiB
2026-09-24T21:29:29+01:00 avail=74037MiB swapfree=5621MiB
2026-09-24T21:29:37+01:00 avail=112444MiB swapfree=5679MiB
2026-09-24T21:29:52+01:00 avail=80040MiB swapfree=5646MiB
2026-09-24T21:30:07+01:00 avail=75084MiB swapfree=5358MiB
2026-09-24T21:30:22+01:00 avail=74990MiB swapfree=5358MiB
2026-09-24T21:30:37+01:00 avail=74641MiB swapfree=5358MiB
2026-09-24T21:30:53+01:00 avail=74368MiB swapfree=5367MiB
2026-09-24T21:31:09+01:00 avail=74197MiB swapfree=5372MiB
2026-09-24T21:31:25+01:00 avail=74002MiB swapfree=5379MiB
2026-09-24T21:31:41+01:00 avail=73860MiB swapfree=5392MiB
2026-09-24T21:31:57+01:00 avail=73609MiB swapfree=5395MiB
2026-09-24T21:32:45+01:00 avail=111820MiB swapfree=5445MiB
2026-09-24T21:33:43+01:00 avail=112276MiB swapfree=5447MiB
2026-09-24T21:33:58+01:00 avail=82627MiB swapfree=5447MiB
2026-09-24T21:34:13+01:00 avail=40916MiB swapfree=5447MiB
2026-09-24T21:34:28+01:00 avail=13705MiB swapfree=2628MiB
2026-09-24T21:34:32+01:00 GUARD FIRED: MemAvailable 12108 MiB < 12 GiB floor, SwapFree 4096 MiB - killing e139-G0m
e139-G0m
